exports[`test renders the root page correctly when the user is logged in 1`] = `
<div>
  <p>
    You are not logged in.
  </p>
  <ul>
    <li>
      <a
        href="/public"
        onClick={[Function]}>
        Public Page
      </a>
    </li>
    <li>
      <a
        href="/protected"
        onClick={[Function]}>
        Protected Page
      </a>
    </li>
    <li>
      <a
        href="/createuser"
        onClick={[Function]}>
        Create User
      </a>
    </li>
  </ul>
</div>
`;

exports[`test renders the root page correctly when the user is logged out 1`] = `
<div>
  <p>
    You are not logged in.
  </p>
  <ul>
    <li>
      <a
        href="/public"
        onClick={[Function]}>
        Public Page
      </a>
    </li>
    <li>
      <a
        href="/protected"
        onClick={[Function]}>
        Protected Page
      </a>
    </li>
    <li>
      <a
        href="/createuser"
        onClick={[Function]}>
        Create User
      </a>
    </li>
  </ul>
</div>
`;
